// Vitest Snapshot v1

exports[`hippo-button > should render a single child as expected 1`] = `
<button>
  Inner Text
</button>
`;

exports[`hippo-button > should render multiple children as expected 1`] = `
<button>
  <span>
    Child 1
  </span>
  <span>
    Child 2
  </span>
</button>
`;
